+-----------------------------------------------------------------+
| BUY                            | SELL                           |
| Id       | Volume      | Price | Price | Volume      | Id       |
+----------+-------------+-------+-------+-------------+----------+
|          |             |       |    101|       20,000|    100323|
+----------+-------------+-------+-------+-------------+----------+

+-----------------------------------------------------------------+
| BUY                            | SELL                           |
| Id       | Volume      | Price | Price | Volume      | Id       |
+----------+-------------+-------+-------+-------------+----------+
|    100324|       50,000|     99|    101|       20,000|    100323|
+----------+-------------+-------+-------+-------------+----------+

+-----------------------------------------------------------------+
| BUY                            | SELL                           |
| Id       | Volume      | Price | Price | Volume      | Id       |
+----------+-------------+-------+-------+-------------+----------+
|    100324|       50,000|     99|    101|       20,000|    100323|
|    100325|       25,500|     98|       |             |          |
+----------+-------------+-------+-------+-------------+----------+

+-----------------------------------------------------------------+
| BUY                            | SELL                           |
| Id       | Volume      | Price | Price | Volume      | Id       |
+----------+-------------+-------+-------+-------------+----------+
|    100326|       10,000|    100|    101|       20,000|    100323|
|    100325|       25,500|     98|       |             |          |
|    100324|       50,000|     99|       |             |          |
+----------+-------------+-------+-------+-------------+----------+

100326,100327,100,11000
+-----------------------------------------------------------------+
| BUY                            | SELL                           |
| Id       | Volume      | Price | Price | Volume      | Id       |
+----------+-------------+-------+-------+-------------+----------+
|    100326|        9,000|    100|    101|       20,000|    100323|
|    100325|       25,500|     98|       |             |          |
|    100324|       50,000|     99|       |             |          |
+----------+-------------+-------+-------+-------------+----------+

