+-----------------------------------------------------------------+
| BUY                            | SELL                           |
| Id       | Volume      | Price | Price | Volume      | Id       |
+----------+-------------+-------+-------+-------------+----------+
|          |             |       |    101|       20,000|    100323|
+----------+-------------+-------+-------+-------------+----------+

+-----------------------------------------------------------------+
| BUY                            | SELL                           |
| Id       | Volume      | Price | Price | Volume      | Id       |
+----------+-------------+-------+-------+-------------+----------+
|    100324|       50,000|     99|    101|       20,000|    100323|
+----------+-------------+-------+-------+-------------+----------+

+-----------------------------------------------------------------+
| BUY                            | SELL                           |
| Id       | Volume      | Price | Price | Volume      | Id       |
+----------+-------------+-------+-------+-------------+----------+
|    100324|       50,000|     99|    101|       20,000|    100323|
|    100325|       25,500|     98|       |             |          |
+----------+-------------+-------+-------+-------------+----------+

+-----------------------------------------------------------------+
| BUY                            | SELL                           |
| Id       | Volume      | Price | Price | Volume      | Id       |
+----------+-------------+-------+-------+-------------+----------+
|    100326|       10,000|    100|    101|       20,000|    100323|
|    100325|       25,500|     98|       |             |          |
|    100324|       50,000|     99|       |             |          |
+----------+-------------+-------+-------+-------------+----------+

100326,100327,100,20000
+-----------------------------------------------------------------+
| BUY                            | SELL                           |
| Id       | Volume      | Price | Price | Volume      | Id       |
+----------+-------------+-------+-------+-------------+----------+
|    100324|       50,000|     99|    100|       10,000|    100327|
|    100325|       25,500|     98|    101|       20,000|    100323|
+----------+-------------+-------+-------+-------------+----------+

100328,100327,100,10000
+-----------------------------------------------------------------+
| BUY                            | SELL                           |
| Id       | Volume      | Price | Price | Volume      | Id       |
+----------+-------------+-------+-------+-------------+----------+
|    100328|       10,000|    100|    101|       20,000|    100323|
|    100325|       25,500|     98|       |             |          |
|    100324|       50,000|     99|       |             |          |
+----------+-------------+-------+-------+-------------+----------+

