+-----------------------------------------------------------------+
| BUY                            | SELL                           |
| Id       | Volume      | Price | Price | Volume      | Id       |
+----------+-------------+-------+-------+-------------+----------+
|    100324|       50,000|     99|       |             |          |
+----------+-------------+-------+-------+-------------+----------+

+-----------------------------------------------------------------+
| BUY                            | SELL                           |
| Id       | Volume      | Price | Price | Volume      | Id       |
+----------+-------------+-------+-------+-------------+----------+
|    100324|       50,000|     99|    101|       20,000|    100323|
+----------+-------------+-------+-------+-------------+----------+

+-----------------------------------------------------------------+
| BUY                            | SELL                           |
| Id       | Volume      | Price | Price | Volume      | Id       |
+----------+-------------+-------+-------+-------------+----------+
|    100324|       50,000|     99|    100|       10,000|    100325|
|          |             |       |    101|       20,000|    100323|
+----------+-------------+-------+-------+-------------+----------+

+-----------------------------------------------------------------+
| BUY                            | SELL                           |
| Id       | Volume      | Price | Price | Volume      | Id       |
+----------+-------------+-------+-------+-------------+----------+
|    100324|       50,000|     99|    100|       10,000|    100325|
|          |             |       |    101|       20,000|    100323|
|          |             |       |    100|        7,500|    100326|
+----------+-------------+-------+-------+-------------+----------+

+-----------------------------------------------------------------+
| BUY                            | SELL                           |
| Id       | Volume      | Price | Price | Volume      | Id       |
+----------+-------------+-------+-------+-------------+----------+
|    100324|       50,000|     99|    100|       10,000|    100325|
|    100327|       25,500|     98|    101|       20,000|    100323|
|          |             |       |    100|        7,500|    100326|
+----------+-------------+-------+-------+-------------+----------+

100327,100325,100,10000
100327,100326,100,7500
+-----------------------------------------------------------------+
| BUY                            | SELL                           |
| Id       | Volume      | Price | Price | Volume      | Id       |
+----------+-------------+-------+-------+-------------+----------+
|    100327|       10,000|    100|    101|       20,000|    100323|
|    100327|       25,500|     98|       |             |          |
|    100324|       50,000|     99|       |             |          |
+----------+-------------+-------+-------+-------------+----------+

