+-----------------------------------------------------------------+
| BUY                            | SELL                           |
| Id       | Volume      | Price | Price | Volume      | Id       |
+----------+-------------+-------+-------+-------------+----------+
|    100323|       50,000|     99|       |             |          |
+----------+-------------+-------+-------+-------------+----------+

+-----------------------------------------------------------------+
| BUY                            | SELL                           |
| Id       | Volume      | Price | Price | Volume      | Id       |
+----------+-------------+-------+-------+-------------+----------+
|    100323|       50,000|     99|       |             |          |
|    100324|       25,500|     98|       |             |          |
+----------+-------------+-------+-------+-------------+----------+

+-----------------------------------------------------------------+
| BUY                            | SELL                           |
| Id       | Volume      | Price | Price | Volume      | Id       |
+----------+-------------+-------+-------+-------------+----------+
|    100323|       50,000|     99|    100|          500|    100325|
|    100324|       25,500|     98|       |             |          |
+----------+-------------+-------+-------+-------------+----------+

+-----------------------------------------------------------------+
| BUY                            | SELL                           |
| Id       | Volume      | Price | Price | Volume      | Id       |
+----------+-------------+-------+-------+-------------+----------+
|    100323|       50,000|     99|    100|          500|    100325|
|    100324|       25,500|     98|    100|       10,000|    100326|
+----------+-------------+-------+-------+-------------+----------+

+-----------------------------------------------------------------+
| BUY                            | SELL                           |
| Id       | Volume      | Price | Price | Volume      | Id       |
+----------+-------------+-------+-------+-------------+----------+
|    100323|       50,000|     99|    100|          500|    100325|
|    100324|       25,500|     98|    100|       10,000|    100326|
|          |             |       |    103|          100|    100327|
+----------+-------------+-------+-------+-------------+----------+

+-----------------------------------------------------------------+
| BUY                            | SELL                           |
| Id       | Volume      | Price | Price | Volume      | Id       |
+----------+-------------+-------+-------+-------------+----------+
|    100323|       50,000|     99|    100|          500|    100325|
|    100324|       25,500|     98|    100|       10,000|    100326|
|          |             |       |    103|          100|    100327|
|          |             |       |    105|       20,000|    100328|
+----------+-------------+-------+-------+-------------+----------+

100329,100325,100,500
100329,100326,100,15500
+-----------------------------------------------------------------+
| BUY                            | SELL                           |
| Id       | Volume      | Price | Price | Volume      | Id       |
+----------+-------------+-------+-------+-------------+----------+
|    100323|       50,000|     99|    100|        4,500|    100326|
|    100324|       25,500|     98|    105|       20,000|    100328|
|          |             |       |    103|          100|    100327|
+----------+-------------+-------+-------+-------------+----------+

